
> my-project@0.1.0 build
> next build

▲ Next.js 16.2.0 (Turbopack)

  Creating an optimized production build ...

> Build error occurred
Error: Turbopack build failed with 1 errors:
./app/(senderosur)/layout.tsx:4:1
Module not found: Can't resolve './globals.css'
  [90m2 |[0m [36mimport[0m [36mtype[0m { [33mMetadata[0m, [33mViewport[0m } [36mfrom[0m [32m"next"[0m
  [90m3 |[0m [36mimport[0m { [33mLexend[0m, [33mShrikhand[0m, [33mBarrio[0m } [36mfrom[0m [32m"next/font/google"[0m
[31m[1m>[0m [90m4 |[0m [36mimport[0m [32m"./globals.css"[0m
  [90m  |[0m [31m[1m^^^^^^^^^^^^^^^^^^^^^^[0m
  [90m5 |[0m [36mimport[0m { [33mLayoutClient[0m } [36mfrom[0m [32m"@/components/senderosur/layout-client"[0m
  [90m6 |[0m [36mimport[0m { [33mAuthProvider[0m } [36mfrom[0m [32m"@/contexts/senderosur/auth-context"[0m
  [90m7 |[0m [36mimport[0m { [33mLanguageProvider[0m } [36mfrom[0m [32m"@/contexts/senderosur/language-context"[0m



https://nextjs.org/docs/messages/module-not-found


    at <unknown> (./app/(senderosur)/layout.tsx:4:1)
    at <unknown> (https://nextjs.org/docs/messages/module-not-found)
